// Jest Snapshot v1, https://goo.gl/fbAQLP

exports[`<HamburguerButton/> redering Should render without errors 1`] = `
.c0 {
  width: 50px;
  height: 50px;
  padding: 10px;
  display: -webkit-box;
  display: -webkit-flex;
  display: -ms-flexbox;
  display: flex;
  -webkit-flex-direction: column;
  -ms-flex-direction: column;
  flex-direction: column;
  -webkit-box-pack: space-around;
  -webkit-justify-content: space-around;
  -ms-flex-pack: space-around;
  justify-content: space-around;
  -webkit-align-items: center;
  -webkit-box-align: center;
  -ms-flex-align: center;
  align-items: center;
  cursor: pointer;
}

.c0 div {
  width: 100%;
  height: 3px;
  background-color: var(--white);
  -webkit-transition: all 0.3s linear;
  transition: all 0.3s linear;
  -webkit-transform-origin: 1px;
  -ms-transform-origin: 1px;
  transform-origin: 1px;
  border-radius: 10px;
}

.c0 div:first-child {
  -webkit-transform: rotate(0);
  -ms-transform: rotate(0);
  transform: rotate(0);
}

.c0 div:nth-child(2) {
  opacity: 1;
  -webkit-transform: translateX(0);
  -ms-transform: translateX(0);
  transform: translateX(0);
}

.c0 div:nth-child(3) {
  -webkit-transform: rotate(0);
  -ms-transform: rotate(0);
  transform: rotate(0);
}

<div
  className="c0"
  data-test="hamburguerButtonContainer"
  onClick={[MockFunction]}
  open={false}
>
  <div
    data-test="hamburguerLine"
  />
  <div
    data-test="hamburguerLine"
  />
  <div
    data-test="hamburguerLine"
  />
</div>
`;
