// Jest Snapshot v1, https://goo.gl/fbAQLP

exports[`<About /> redering Should render without errors 1`] = `
.c0 {
  width: 100%;
  min-height: 100vh;
}

.c1 {
  width: 100%;
  height: 100vh;
  position: relative;
  z-index: 1;
  display: -webkit-box;
  display: -webkit-flex;
  display: -ms-flexbox;
  display: flex;
  -webkit-flex-direction: column;
  -ms-flex-direction: column;
  flex-direction: column;
  -webkit-box-pack: center;
  -webkit-justify-content: center;
  -ms-flex-pack: center;
  justify-content: center;
  -webkit-align-items: center;
  -webkit-box-align: center;
  -ms-flex-align: center;
  align-items: center;
  color: var(--white);
}

.c1 h1 {
  font-size: 4rem;
  padding-bottom: 20px;
  width: 80%;
  text-align: center;
}

.c1 p {
  font-size: 2rem;
  width: 80%;
  text-align: center;
}

.c1::after {
  content: '';
  width: 100%;
  height: 100%;
  background: rgba(11,12,16,0.5);
  position: absolute;
  top: 0;
  z-index: -1;
}

.c2 {
  width: 100%;
  min-height: 100vh;
  background-color: var(--secondary);
  padding: 30px;
  display: grid;
  grid-template-columns: repeat(auto-fit,minmax(250px,1fr));
  grid-template-rows: repeat(auto-fit,minmax(250px,1fr));
  grid-gap: 30px;
  -webkit-box-pack: justify;
  -webkit-justify-content: space-between;
  -ms-flex-pack: justify;
  justify-content: space-between;
  -webkit-align-items: center;
  -webkit-box-align: center;
  -ms-flex-align: center;
  align-items: center;
}

.c2 div {
  width: 100%;
  height: 100%;
  color: var(--white);
  display: -webkit-box;
  display: -webkit-flex;
  display: -ms-flexbox;
  display: flex;
  -webkit-flex-direction: column;
  -ms-flex-direction: column;
  flex-direction: column;
  -webkit-box-pack: center;
  -webkit-justify-content: center;
  -ms-flex-pack: center;
  justify-content: center;
  -webkit-align-items: center;
  -webkit-box-align: center;
  -ms-flex-align: center;
  align-items: center;
}

.c2 div h1 {
  font-size: 5rem;
  margin-bottom: 50px;
  text-align: left;
}

.c2 div h2 {
  font-size: 2rem;
  text-align: left;
}

.c4 {
  width: 100%;
  min-height: 100vh;
  background-color: var(--primary);
  padding: 30px;
  display: grid;
  grid-template-columns: repeat(auto-fit,minmax(250px,1fr));
  grid-template-rows: repeat(auto-fit,minmax(250px,1fr));
  grid-gap: 30px;
  -webkit-box-pack: justify;
  -webkit-justify-content: space-between;
  -ms-flex-pack: justify;
  justify-content: space-between;
  -webkit-align-items: center;
  -webkit-box-align: center;
  -ms-flex-align: center;
  align-items: center;
}

.c4 div {
  width: 100%;
  height: 100%;
  color: var(--white);
  display: -webkit-box;
  display: -webkit-flex;
  display: -ms-flexbox;
  display: flex;
  -webkit-flex-direction: column;
  -ms-flex-direction: column;
  flex-direction: column;
  -webkit-box-pack: center;
  -webkit-justify-content: center;
  -ms-flex-pack: center;
  justify-content: center;
  -webkit-align-items: center;
  -webkit-box-align: center;
  -ms-flex-align: center;
  align-items: center;
}

.c4 div h1 {
  font-size: 5rem;
  margin-bottom: 50px;
  text-align: left;
}

.c4 div h2 {
  font-size: 2rem;
  text-align: left;
}

.c3 {
  width: 100%;
  height: 100%;
  position: relative;
  z-index: 1;
  background-image: url(company1.jpg);
  background-position: center;
  background-repeat: no-repeat;
  background-size: cover;
}

.c3::after {
  content: '';
  width: 100%;
  height: 100%;
  background: rgba(11,12,16,0.6);
  position: absolute;
  top: 0;
  z-index: 0;
}

.c5 {
  width: 100%;
  height: 100%;
  position: relative;
  z-index: 1;
  background-image: url(company2.jpg);
  background-position: center;
  background-repeat: no-repeat;
  background-size: cover;
}

.c5::after {
  content: '';
  width: 100%;
  height: 100%;
  background: rgba(11,12,16,0.6);
  position: absolute;
  top: 0;
  z-index: 0;
}

<div
  className="c0"
  data-test="aboutContainer"
>
  <div
    className="react-parallax "
    style={
      Object {
        "overflow": "hidden",
        "position": "relative",
      }
    }
  >
    <img
      alt=""
      className="react-parallax-bgimage"
      src="about.jpg"
      style={
        Object {
          "MozBackfaceVisibility": "hidden",
          "MsBackfaceVisibility": "hidden",
          "WebkitBackfaceVisibility": "hidden",
          "WebkitTransform": "translate3d(-50%, 0, 0)",
          "WebkitTransformStyle": "preserve-3d",
          "left": "50%",
          "position": "absolute",
          "transform": "translate3d(-50%, 0, 0)",
        }
      }
    />
    <div
      className="react-parallax-content"
      style={
        Object {
          "position": "relative",
        }
      }
    >
      <section
        className="c1"
        data-test="aboutSectionOne"
      >
        <h1>
           Saiba tudo sobre n√≥s.
        </h1>
        <p>
          Lorem, ipsum dolor sit amet consectetur adipisicing elit. Animi exercitationem provident facilis nulla nam vero quod est magnam dolorum itaque ipsum, eligendi quam labore optio explicabo? Ad molestiae laboriosam quam?
        </p>
      </section>
    </div>
  </div>
  <div
    className="c2"
    data-test="aboutSectionTwo"
  >
    <div
      data-test="aboutContentSectionTwo"
    >
      <h1>
        Lorem ipsum dolor sit amet consectetur
      </h1>
      <h2>
        Lorem ipsum dolor sit, amet consectetur adipisicing elit. Tempore, accusantium assumenda. Obcaecati vel itaque voluptatibus. Lorem ipsum dolor sit amet, consectetur adipisicing elit. Ipsam, consequuntur?
      </h2>
    </div>
    <div
      className="c3"
      data-test="imageSectionTwo"
    />
  </div>
  <div
    className="c4"
    data-test="aboutSectionThree"
  >
    <div
      className="c5"
      data-test="imageSectionThree"
    />
    <div
      data-test="aboutContentSectionThree"
    >
      <h1>
        Lorem ipsum dolor sit amet consectetur
      </h1>
      <h2>
        Lorem ipsum dolor sit, amet consectetur adipisicing elit. Tempore, accusantium assumenda. Obcaecati vel itaque voluptatibus. Lorem ipsum dolor sit amet, consectetur adipisicing elit. Ipsam, consequuntur?
      </h2>
    </div>
  </div>
</div>
`;
