// Jest Snapshot v1, https://goo.gl/fbAQLP

exports[`<Footer/> redering Should render without errors 1`] = `
.c0 {
  grid-area: footer;
  width: 100%;
  height: 100%;
  background-color: var(--primary);
  font-size: 2rem;
  display: -webkit-box;
  display: -webkit-flex;
  display: -ms-flexbox;
  display: flex;
  -webkit-flex-direction: column;
  -ms-flex-direction: column;
  flex-direction: column;
  -webkit-box-pack: justify;
  -webkit-justify-content: space-between;
  -ms-flex-pack: justify;
  justify-content: space-between;
  -webkit-align-items: center;
  -webkit-box-align: center;
  -ms-flex-align: center;
  align-items: center;
  padding: 20px;
  position: relative;
}

.c0 small {
  color: var(--white);
  font-size: 1.6rem;
}

.c0::before {
  content: '';
  width: 100%;
  height: 5px;
  position: absolute;
  top: 0;
  background-image: linear-gradient( to right, var(--primary), var(--quaternary), var(--quaternary), var(--primary) );
}

@media (max-width:736px) {
  .c0 ul {
    -webkit-flex-direction: column;
    -ms-flex-direction: column;
    flex-direction: column;
  }
}

<div
  className="c0"
  data-test="container"
>
  <img
    alt="Logo"
    src="Logo1.0.png"
  />
  <small>
    Â©
    Telzir 2020  All rights reserved.
  </small>
</div>
`;
